[themes-pixeden.com/demos/levo/index.html]
[backblue.gif]
[fade.gif]
[index.html]
[themes-pixeden.com/demos/levo/touch-icon-iphone.png]
[themes-pixeden.com/demos/levo/touch-icon-ipad.png]
[themes-pixeden.com/demos/levo/touch-icon-iphone-retina.png]
[themes-pixeden.com/demos/levo/touch-icon-ipad-retina.png]
[themes-pixeden.com/demos/levo/favicon.ico]
[code.jquery.com/ui/1.10.3/themes/smoothness/jquery-ui.css]
[themes-pixeden.com/demos/levo/images/thumb0.jpg]
[themes-pixeden.com/demos/levo/login.html]
[themes-pixeden.com/demos/levo/ui.html]
[themes-pixeden.com/demos/levo/404.html]
[themes-pixeden.com/demos/levo/grid.html]
[themes-pixeden.com/demos/levo/tables.html]
[themes-pixeden.com/demos/levo/stats.html]
[themes-pixeden.com/demos/levo/images/thumb1.jpg]
[themes-pixeden.com/demos/levo/images/thumb2.jpg]
[themes-pixeden.com/demos/levo/images/thu.png]
[themes-pixeden.com/demos/levo/images/thumb3.jpg]
[themes-pixeden.com/demos/levo/images/thumb4.jpg]
[themes-pixeden.com/demos/levo/images/thumb5.jpg]
[themes-pixeden.com/demos/levo/images/thumb6.jpg]
[themes-pixeden.com/demos/levo/js/jquery-1.10.2.min.js]
[themes-pixeden.com/demos/levo/js/jquery-ui.js]
[themes-pixeden.com/demos/levo/js/bootstrap.min.js]
[themes-pixeden.com/demos/levo/amcharts/amcharts.js]
[themes-pixeden.com/demos/levo/amcharts/serial.js]
[themes-pixeden.com/demos/levo/amcharts/pie.js]
[themes-pixeden.com/demos/levo/js/map.js]
[themes-pixeden.com/demos/levo/js/chart.js]
[themes-pixeden.com/demos/levo/jquery-jvectormap-1.2.2/jquery-jvectormap-1.2.2.min.js]
[themes-pixeden.com/demos/levo/jquery-jvectormap-1.2.2/jquery-jvectormap-us-aea-en.js]
[themes-pixeden.com/demos/levo/js/main.js]
[themes-pixeden.com/demos/levo/index.html]
[themes-pixeden.com/demos/levo/css/fonts/glyphicons-halflings-regular.eot]
[themes-pixeden.com/demos/levo/css/fonts/glyphicons-halflings-regulard41d.eot]
[themes-pixeden.com/demos/levo/css/fonts/glyphicons-halflings-regular.woff]
[themes-pixeden.com/demos/levo/css/fonts/glyphicons-halflings-regular.ttf]
[themes-pixeden.com/demos/levo/css/fonts/glyphicons-halflings-regular.svg]
[themes-pixeden.com/demos/levo/css/bootstrap/bootstrap.min.css]
[code.jquery.com/ui/1.10.3/themes/smoothness/images/animated-overlay.gif]
[code.jquery.com/ui/1.10.3/themes/smoothness/images/ui-bg_flat_75_ffffff_40x100.png]
[code.jquery.com/ui/1.10.3/themes/smoothness/images/ui-bg_highlight-soft_75_cccccc_1x100.png]
[code.jquery.com/ui/1.10.3/themes/smoothness/images/ui-bg_glass_75_e6e6e6_1x400.png]
[code.jquery.com/ui/1.10.3/themes/smoothness/images/ui-bg_glass_75_dadada_1x400.png]
[code.jquery.com/ui/1.10.3/themes/smoothness/images/ui-bg_glass_65_ffffff_1x400.png]
[code.jquery.com/ui/1.10.3/themes/smoothness/images/ui-bg_glass_55_fbf9ee_1x400.png]
[code.jquery.com/ui/1.10.3/themes/smoothness/images/ui-bg_glass_95_fef1ec_1x400.png]
[code.jquery.com/ui/1.10.3/themes/smoothness/images/ui-icons_222222_256x240.png]
[code.jquery.com/ui/1.10.3/themes/smoothness/images/ui-icons_888888_256x240.png]
[code.jquery.com/ui/1.10.3/themes/smoothness/images/ui-icons_454545_256x240.png]
[code.jquery.com/ui/1.10.3/themes/smoothness/images/ui-icons_2e83ff_256x240.png]
[code.jquery.com/ui/1.10.3/themes/smoothness/images/ui-icons_cd0a0a_256x240.png]
[code.jquery.com/ui/1.10.3/themes/smoothness/images/ui-bg_flat_0_aaaaaa_40x100.png]
[code.jquery.com/ui/1.10.3/themes/smoothness/jquery-ui.css]
[themes-pixeden.com/demos/levo/jquery-jvectormap-1.2.2/jquery-jvectormap-1.2.2.css]
[themes-pixeden.com/demos/levo/css/fonts/OpenSans-Regular-webfont.eot]
[themes-pixeden.com/demos/levo/css/fonts/OpenSans-Regular-webfontd41d.eot]
[themes-pixeden.com/demos/levo/css/fonts/OpenSans-Regular-webfont.woff]
[themes-pixeden.com/demos/levo/css/fonts/OpenSans-Regular-webfont.ttf]
[themes-pixeden.com/demos/levo/css/fonts/OpenSans-Bold-webfont.eot]
[themes-pixeden.com/demos/levo/css/fonts/OpenSans-Bold-webfont.woff]
[themes-pixeden.com/demos/levo/css/fonts/OpenSans-Bold-webfontd41d.eot]
[themes-pixeden.com/demos/levo/css/fonts/OpenSans-Bold-webfont.ttf]
[themes-pixeden.com/demos/levo/css/fonts/Pe-icon-7-strokeb303.eot]
[themes-pixeden.com/demos/levo/css/fonts/Pe-icon-7-stroked41d.eot]
[themes-pixeden.com/demos/levo/css/fonts/Pe-icon-7-strokeb303.woff]
[themes-pixeden.com/demos/levo/css/fonts/Pe-icon-7-strokeb303.ttf]
[themes-pixeden.com/demos/levo/css/fonts/Pe-icon-7-filledc7a4.eot]
[themes-pixeden.com/demos/levo/css/fonts/Pe-icon-7-filledd41d.eot]
[themes-pixeden.com/demos/levo/css/fonts/Pe-icon-7-filledc7a4.woff]
[themes-pixeden.com/demos/levo/css/fonts/Pe-icon-7-filledc7a4.ttf]
[themes-pixeden.com/demos/levo/css/style.css]
[themes-pixeden.com/demos/levo/login.html]
[themes-pixeden.com/demos/levo/ui.html]
[themes-pixeden.com/demos/levo/404.html]
[themes-pixeden.com/demos/levo/grid.html]
[themes-pixeden.com/demos/levo/tables.html]
[themes-pixeden.com/demos/levo/amcharts/gauge.js]
[themes-pixeden.com/demos/levo/stats.html]
[themes-pixeden.com/demos/levo/css/fonts/glyphicons-halflings-regular.html]
[themes-pixeden.com/demos/levo/css/fonts/glyphicons-halflings-regulard41d.html]
[themes-pixeden.com/demos/levo/css/fonts/glyphicons-halflings-regular-2.html]
[themes-pixeden.com/demos/levo/css/fonts/glyphicons-halflings-regular-3.html]
[themes-pixeden.com/demos/levo/css/fonts/glyphicons-halflings-regular-4.html]
[themes-pixeden.com/demos/levo/css/fonts/OpenSans-Regular-webfont.svg]
[themes-pixeden.com/demos/levo/css/fonts/OpenSans-Bold-webfont.svg]
[themes-pixeden.com/demos/levo/css/fonts/Pe-icon-7-strokeb303.svg]
[themes-pixeden.com/demos/levo/css/fonts/Pe-icon-7-filledc7a4.svg]
[themes-pixeden.com/demos/levo/css/font-awesome-4.0.3/fonts/fontawesome-webfontba72.eot]
[themes-pixeden.com/demos/levo/css/font-awesome-4.0.3/fonts/fontawesome-webfontd41d.eot]
[themes-pixeden.com/demos/levo/css/font-awesome-4.0.3/fonts/fontawesome-webfontba72.woff]
[themes-pixeden.com/demos/levo/css/font-awesome-4.0.3/fonts/fontawesome-webfontba72.ttf]
[themes-pixeden.com/demos/levo/css/font-awesome-4.0.3/css/font-awesome.min.css]
[themes-pixeden.com/demos/levo/css/font-awesome-4.0.3/fonts/fontawesome-webfontba72.svg]
